[10816:11716:0921/102317.060:WARNING:chrome_main_delegate.cc(745)] This is Chrome version 128.0.6613.138 (not a warning)
[10816:23056:0921/102317.101:ERROR:google_update_settings.cc(265)] Failed opening key Software\Chromium to set usagestats; result: 5
[10816:11716:0921/102317.111:WARNING:account_consistency_mode_manager.cc(77)] Desktop Identity Consistency cannot be enabled as no OAuth client ID and client secret have been configured.
[4820:6968:0921/102320.076:WARNING:frame_impl.cc(430)] virtual CefFrameImpl::SendProcessMessage sent to detached frame 5-C38A6B4FA52F1C038AA64E7C2DB0DD4E will be ignored
[2236:21012:0921/102320.575:WARNING:codec.cc(525)] Explicitly added H264 constrained baseline to list of supported formats.
[2236:4904:0921/102320.615:WARNING:codec.cc(525)] Explicitly added H264 constrained baseline to list of supported formats.
[2236:4904:0921/102320.616:WARNING:codec.cc(525)] Explicitly added H264 constrained baseline to list of supported formats.
[2236:4904:0921/102320.617:WARNING:codec.cc(525)] Explicitly added H264 constrained baseline to list of supported formats.
[2512:14460:0921/102320.630:WARNING:host_resolver_dns_task.cc(863)] Address list empty after RFC3484 sort
[2512:14460:0921/102320.632:ERROR:socket_manager.cc(147)] Failed to resolve address for stun.cloudflare.com., errorcode: -105
[2512:14460:0921/102320.632:ERROR:socket_manager.cc(147)] Failed to resolve address for stun.cloudflare.com., errorcode: -105
[2512:14460:0921/102320.632:ERROR:socket_manager.cc(147)] Failed to resolve address for stun.cloudflare.com., errorcode: -105
[2236:4904:0921/102320.632:WARNING:stun_port.cc(442)] Port[108c000:0:1:0:host:Net[any:0:0:0:x:x:x:x:x/0:Wildcard:id=0]]: StunPort: stun host lookup received error -1
[2236:4904:0921/102320.632:WARNING:stun_port.cc(442)] Port[108c400:1:1:0:host:Net[any:0:0:0:x:x:x:x:x/0:Wildcard:id=0]]: StunPort: stun host lookup received error -1
[2236:4904:0921/102320.632:WARNING:stun_port.cc(442)] Port[108cc00:2:1:0:host:Net[any:0:0:0:x:x:x:x:x/0:Wildcard:id=0]]: StunPort: stun host lookup received error -1
[2512:14460:0921/102320.656:WARNING:host_resolver_dns_task.cc(863)] Address list empty after RFC3484 sort
[2512:14460:0921/102320.656:WARNING:host_resolver_dns_task.cc(863)] Address list empty after RFC3484 sort
[2512:14460:0921/102320.657:ERROR:socket_manager.cc(147)] Failed to resolve address for stun1.l.google.com., errorcode: -105
[2512:14460:0921/102320.657:ERROR:socket_manager.cc(147)] Failed to resolve address for stun1.l.google.com., errorcode: -105
[2512:14460:0921/102320.657:ERROR:socket_manager.cc(147)] Failed to resolve address for stun1.l.google.com., errorcode: -105
[2512:14460:0921/102320.657:ERROR:socket_manager.cc(147)] Failed to resolve address for stun.l.google.com., errorcode: -105
[2512:14460:0921/102320.657:ERROR:socket_manager.cc(147)] Failed to resolve address for stun.l.google.com., errorcode: -105
[2512:14460:0921/102320.657:ERROR:socket_manager.cc(147)] Failed to resolve address for stun.l.google.com., errorcode: -105
[2236:4904:0921/102320.657:WARNING:stun_port.cc(442)] Port[108c000:0:1:0:host:Net[any:0:0:0:x:x:x:x:x/0:Wildcard:id=0]]: StunPort: stun host lookup received error -1
[2236:4904:0921/102320.657:WARNING:stun_port.cc(442)] Port[108c400:1:1:0:host:Net[any:0:0:0:x:x:x:x:x/0:Wildcard:id=0]]: StunPort: stun host lookup received error -1
[2236:4904:0921/102320.657:WARNING:stun_port.cc(442)] Port[108cc00:2:1:0:host:Net[any:0:0:0:x:x:x:x:x/0:Wildcard:id=0]]: StunPort: stun host lookup received error -1
[2236:4904:0921/102320.657:WARNING:stun_port.cc(442)] Port[108c000:0:1:0:host:Net[any:0:0:0:x:x:x:x:x/0:Wildcard:id=0]]: StunPort: stun host lookup received error -1
[2236:4904:0921/102320.657:WARNING:stun_port.cc(442)] Port[108c400:1:1:0:host:Net[any:0:0:0:x:x:x:x:x/0:Wildcard:id=0]]: StunPort: stun host lookup received error -1
[2236:4904:0921/102320.657:WARNING:stun_port.cc(442)] Port[108cc00:2:1:0:host:Net[any:0:0:0:x:x:x:x:x/0:Wildcard:id=0]]: StunPort: stun host lookup received error -1
[10816:9668:0921/102320.817:WARNING:browser_info.cc(345)] Returning a speculative frame for [7,9]
[10816:11716:0921/102320.855:WARNING:browser_info.cc(345)] Returning a speculative frame for [8,5]
[10816:11716:0921/102320.855:WARNING:browser_info.cc(345)] Returning a speculative frame for [8,5]
[10816:11716:0921/102320.855:WARNING:browser_info.cc(345)] Returning a speculative frame for [8,5]
[10816:11716:0921/102320.855:WARNING:browser_info.cc(345)] Returning a speculative frame for [8,5]
[10816:9668:0921/102320.874:WARNING:browser_info.cc(345)] Returning a speculative frame for [8,5]
[17928:13528:0921/102320.971:WARNING:codec.cc(525)] Explicitly added H264 constrained baseline to list of supported formats.
[17928:1044:0921/102321.001:WARNING:codec.cc(525)] Explicitly added H264 constrained baseline to list of supported formats.
[17928:1044:0921/102321.001:WARNING:codec.cc(525)] Explicitly added H264 constrained baseline to list of supported formats.
[17928:1044:0921/102321.002:WARNING:codec.cc(525)] Explicitly added H264 constrained baseline to list of supported formats.
[2512:14460:0921/102321.010:WARNING:host_resolver_dns_task.cc(863)] Address list empty after RFC3484 sort
[2512:14460:0921/102321.010:WARNING:host_resolver_dns_task.cc(863)] Address list empty after RFC3484 sort
[2512:14460:0921/102321.010:WARNING:host_resolver_dns_task.cc(863)] Address list empty after RFC3484 sort
[2512:14460:0921/102321.010:ERROR:socket_manager.cc(147)] Failed to resolve address for stun.l.google.com., errorcode: -105
[2512:14460:0921/102321.010:ERROR:socket_manager.cc(147)] Failed to resolve address for stun.l.google.com., errorcode: -105
[2512:14460:0921/102321.010:ERROR:socket_manager.cc(147)] Failed to resolve address for stun.l.google.com., errorcode: -105
[17928:1044:0921/102321.011:WARNING:stun_port.cc(442)] Port[1274000:0:1:0:host:Net[any:0:0:0:x:x:x:x:x/0:Wildcard:id=0]]: StunPort: stun host lookup received error -1
[17928:1044:0921/102321.011:WARNING:stun_port.cc(442)] Port[1274400:1:1:0:host:Net[any:0:0:0:x:x:x:x:x/0:Wildcard:id=0]]: StunPort: stun host lookup received error -1
[17928:1044:0921/102321.011:WARNING:stun_port.cc(442)] Port[1274c00:2:1:0:host:Net[any:0:0:0:x:x:x:x:x/0:Wildcard:id=0]]: StunPort: stun host lookup received error -1
[2512:14460:0921/102321.011:ERROR:socket_manager.cc(147)] Failed to resolve address for stun.cloudflare.com., errorcode: -105
[2512:14460:0921/102321.011:ERROR:socket_manager.cc(147)] Failed to resolve address for stun.cloudflare.com., errorcode: -105
[2512:14460:0921/102321.011:ERROR:socket_manager.cc(147)] Failed to resolve address for stun.cloudflare.com., errorcode: -105
[17928:1044:0921/102321.011:WARNING:stun_port.cc(442)] Port[1274000:0:1:0:host:Net[any:0:0:0:x:x:x:x:x/0:Wildcard:id=0]]: StunPort: stun host lookup received error -1
[17928:1044:0921/102321.011:WARNING:stun_port.cc(442)] Port[1274400:1:1:0:host:Net[any:0:0:0:x:x:x:x:x/0:Wildcard:id=0]]: StunPort: stun host lookup received error -1
[2512:14460:0921/102321.011:ERROR:socket_manager.cc(147)] Failed to resolve address for stun1.l.google.com., errorcode: -105
[17928:1044:0921/102321.011:WARNING:stun_port.cc(442)] Port[1274c00:2:1:0:host:Net[any:0:0:0:x:x:x:x:x/0:Wildcard:id=0]]: StunPort: stun host lookup received error -1
[2512:14460:0921/102321.011:ERROR:socket_manager.cc(147)] Failed to resolve address for stun1.l.google.com., errorcode: -105
[2512:14460:0921/102321.011:ERROR:socket_manager.cc(147)] Failed to resolve address for stun1.l.google.com., errorcode: -105
[17928:1044:0921/102321.011:WARNING:stun_port.cc(442)] Port[1274000:0:1:0:host:Net[any:0:0:0:x:x:x:x:x/0:Wildcard:id=0]]: StunPort: stun host lookup received error -1
[17928:1044:0921/102321.011:WARNING:stun_port.cc(442)] Port[1274400:1:1:0:host:Net[any:0:0:0:x:x:x:x:x/0:Wildcard:id=0]]: StunPort: stun host lookup received error -1
[17928:1044:0921/102321.011:WARNING:stun_port.cc(442)] Port[1274c00:2:1:0:host:Net[any:0:0:0:x:x:x:x:x/0:Wildcard:id=0]]: StunPort: stun host lookup received error -1
[17928:13528:0921/102322.765:WARNING:codec.cc(525)] Explicitly added H264 constrained baseline to list of supported formats.
[10816:9668:0921/102324.013:ERROR:cast_crl.cc(443)] CRL - Verification failed.
[10816:9668:0921/102324.023:ERROR:cast_crl.cc(443)] CRL - Verification failed.
[10816:9668:0921/102324.119:ERROR:cast_crl.cc(443)] CRL - Verification failed.
[10816:11716:0921/102340.092:WARNING:pref_notifier_impl.cc(41)] Pref observer for media_router.cast_allow_all_ips found at shutdown.
