[5364:26904:0921/152208.737:WARNING:chrome_main_delegate.cc(745)] This is Chrome version 128.0.6613.138 (not a warning)
[5364:27340:0921/152208.799:ERROR:google_update_settings.cc(265)] Failed opening key Software\Chromium to set usagestats; result: 5
[5364:26904:0921/152208.806:WARNING:account_consistency_mode_manager.cc(77)] Desktop Identity Consistency cannot be enabled as no OAuth client ID and client secret have been configured.
[7196:14096:0921/152212.713:WARNING:frame_impl.cc(430)] virtual CefFrameImpl::SendProcessMessage sent to detached frame 5-09E5A65F2A0BD8CE6B04C74C93D6AECD will be ignored
[5364:25812:0921/152215.889:ERROR:cast_crl.cc(443)] CRL - Verification failed.
[5364:25812:0921/152216.101:ERROR:cast_crl.cc(443)] CRL - Verification failed.
[5364:25812:0921/152216.800:ERROR:cast_crl.cc(443)] CRL - Verification failed.
[5364:25812:0921/152228.806:ERROR:cast_crl.cc(443)] CRL - Verification failed.
[5364:25812:0921/152242.572:ERROR:cast_crl.cc(443)] CRL - Verification failed.
[5364:25812:0921/152454.279:ERROR:cast_crl.cc(443)] CRL - Verification failed.
[5364:25812:0921/152454.379:ERROR:cast_crl.cc(443)] CRL - Verification failed.
[5364:25812:0921/152503.037:ERROR:cast_crl.cc(443)] CRL - Verification failed.
[5364:25812:0921/152512.873:ERROR:cast_crl.cc(443)] CRL - Verification failed.
[5364:26904:0921/153523.073:ERROR:device_event_log_impl.cc(196)] [15:35:23.072] USB: usb_service_win.cc:105 SetupDiGetDeviceProperty({{A45C254E-DF1C-4EFD-8020-67D146A850E0}, 6}) failed: Element not found. (0x490)
[5364:26904:0921/153531.707:ERROR:device_event_log_impl.cc(196)] [15:35:31.707] USB: usb_service_win.cc:105 SetupDiGetDeviceProperty({{A45C254E-DF1C-4EFD-8020-67D146A850E0}, 6}) failed: Element not found. (0x490)
[5364:26904:0921/153541.682:ERROR:device_event_log_impl.cc(196)] [15:35:41.680] USB: usb_service_win.cc:105 SetupDiGetDeviceProperty({{A45C254E-DF1C-4EFD-8020-67D146A850E0}, 6}) failed: Element not found. (0x490)
[5364:26904:0921/153550.317:ERROR:device_event_log_impl.cc(196)] [15:35:50.316] USB: usb_service_win.cc:105 SetupDiGetDeviceProperty({{A45C254E-DF1C-4EFD-8020-67D146A850E0}, 6}) failed: Element not found. (0x490)
[5364:26904:0921/153557.843:ERROR:device_event_log_impl.cc(196)] [15:35:57.843] USB: usb_service_win.cc:105 SetupDiGetDeviceProperty({{A45C254E-DF1C-4EFD-8020-67D146A850E0}, 6}) failed: Element not found. (0x490)
[5364:26904:0921/153915.081:ERROR:device_event_log_impl.cc(196)] [15:39:14.780] USB: usb_service_win.cc:105 SetupDiGetDeviceProperty({{A45C254E-DF1C-4EFD-8020-67D146A850E0}, 6}) failed: Element not found. (0x490)
[5364:26904:0921/153915.747:ERROR:device_event_log_impl.cc(196)] [15:39:15.653] USB: usb_service_win.cc:105 SetupDiGetDeviceProperty({{A45C254E-DF1C-4EFD-8020-67D146A850E0}, 6}) failed: Element not found. (0x490)
[5364:25812:0921/154019.524:ERROR:cast_crl.cc(443)] CRL - Verification failed.
[5364:25812:0921/154019.626:ERROR:cast_crl.cc(443)] CRL - Verification failed.
[5364:25812:0921/154033.966:ERROR:cast_crl.cc(443)] CRL - Verification failed.
[5364:25812:0921/154050.178:ERROR:cast_crl.cc(443)] CRL - Verification failed.
[5364:26904:0921/154306.447:ERROR:device_event_log_impl.cc(196)] [15:43:06.440] USB: usb_service_win.cc:105 SetupDiGetDeviceProperty({{A45C254E-DF1C-4EFD-8020-67D146A850E0}, 6}) failed: Element not found. (0x490)
[5364:26904:0921/154307.256:ERROR:device_event_log_impl.cc(196)] [15:43:07.249] USB: usb_service_win.cc:105 SetupDiGetDeviceProperty({{A45C254E-DF1C-4EFD-8020-67D146A850E0}, 6}) failed: Element not found. (0x490)
[5364:26904:0921/154540.570:WARNING:pref_notifier_impl.cc(41)] Pref observer for media_router.cast_allow_all_ips found at shutdown.
