[13092:11556:0921/140345.014:WARNING:chrome_main_delegate.cc(745)] This is Chrome version 128.0.6613.138 (not a warning)
[13092:16544:0921/140345.095:ERROR:google_update_settings.cc(265)] Failed opening key Software\Chromium to set usagestats; result: 5
[13092:11556:0921/140345.120:WARNING:account_consistency_mode_manager.cc(77)] Desktop Identity Consistency cannot be enabled as no OAuth client ID and client secret have been configured.
[21524:21148:0921/140350.305:WARNING:frame_impl.cc(430)] virtual CefFrameImpl::SendProcessMessage sent to detached frame 5-0F509BA81E84E3D4A8095422B4EA76FD will be ignored
[13092:12804:0921/140352.123:ERROR:cast_crl.cc(443)] CRL - Verification failed.
[13092:12804:0921/140354.573:ERROR:cast_crl.cc(443)] CRL - Verification failed.
[13092:12804:0921/140354.681:ERROR:cast_crl.cc(443)] CRL - Verification failed.
[13092:12804:0921/140404.077:ERROR:cast_crl.cc(443)] CRL - Verification failed.
[13092:12804:0921/140412.452:ERROR:cast_crl.cc(443)] CRL - Verification failed.
[13092:12804:0921/140531.786:ERROR:cast_crl.cc(443)] CRL - Verification failed.
[13092:12804:0921/140531.930:ERROR:cast_crl.cc(443)] CRL - Verification failed.
[13092:12804:0921/140546.538:ERROR:cast_crl.cc(443)] CRL - Verification failed.
[13092:12804:0921/140555.253:ERROR:cast_crl.cc(443)] CRL - Verification failed.
[13092:12804:0921/142151.783:ERROR:cast_crl.cc(443)] CRL - Verification failed.
[13092:12804:0921/142151.887:ERROR:cast_crl.cc(443)] CRL - Verification failed.
[13092:12804:0921/142201.175:ERROR:cast_crl.cc(443)] CRL - Verification failed.
[13092:12804:0921/142209.711:ERROR:cast_crl.cc(443)] CRL - Verification failed.
[13092:11556:0921/143200.111:ERROR:device_event_log_impl.cc(196)] [14:32:00.100] USB: usb_service_win.cc:105 SetupDiGetDeviceProperty({{A45C254E-DF1C-4EFD-8020-67D146A850E0}, 6}) failed: Element not found. (0x490)
[13092:11556:0921/143200.243:ERROR:device_event_log_impl.cc(196)] [14:32:00.230] USB: usb_service_win.cc:105 SetupDiGetDeviceProperty({{A45C254E-DF1C-4EFD-8020-67D146A850E0}, 6}) failed: Element not found. (0x490)
[13092:12804:0921/144151.804:ERROR:cast_crl.cc(443)] CRL - Verification failed.
[13092:12804:0921/144151.913:ERROR:cast_crl.cc(443)] CRL - Verification failed.
[13092:12804:0921/144202.654:ERROR:cast_crl.cc(443)] CRL - Verification failed.
[13092:12804:0921/144211.890:ERROR:cast_crl.cc(443)] CRL - Verification failed.
[13092:12804:0921/145551.782:ERROR:cast_crl.cc(443)] CRL - Verification failed.
[13092:12804:0921/145551.933:ERROR:cast_crl.cc(443)] CRL - Verification failed.
[13092:12804:0921/145602.346:ERROR:cast_crl.cc(443)] CRL - Verification failed.
[13092:12804:0921/145616.872:ERROR:cast_crl.cc(443)] CRL - Verification failed.
[13092:12804:0921/150314.225:ERROR:cast_crl.cc(443)] CRL - Verification failed.
[13092:12804:0921/150328.966:ERROR:cast_crl.cc(443)] CRL - Verification failed.
[13092:12804:0921/150330.412:ERROR:cast_crl.cc(443)] CRL - Verification failed.
[13092:12804:0921/150331.922:ERROR:cast_crl.cc(443)] CRL - Verification failed.
[13092:12804:0921/150343.048:ERROR:cast_crl.cc(443)] CRL - Verification failed.
[13092:12804:0921/150353.657:ERROR:cast_crl.cc(443)] CRL - Verification failed.
[13092:12804:0921/150355.535:ERROR:cast_crl.cc(443)] CRL - Verification failed.
[13092:12804:0921/150403.733:ERROR:cast_crl.cc(443)] CRL - Verification failed.
[13092:12804:0921/150413.739:ERROR:cast_crl.cc(443)] CRL - Verification failed.
[13092:11556:0921/150441.985:ERROR:device_event_log_impl.cc(196)] [15:04:41.747] USB: usb_service_win.cc:105 SetupDiGetDeviceProperty({{A45C254E-DF1C-4EFD-8020-67D146A850E0}, 6}) failed: Element not found. (0x490)
[13092:12804:0921/150446.920:ERROR:cast_crl.cc(443)] CRL - Verification failed.
[13092:11556:0921/150531.780:ERROR:device_event_log_impl.cc(196)] [15:05:31.779] USB: usb_service_win.cc:105 SetupDiGetDeviceProperty({{A45C254E-DF1C-4EFD-8020-67D146A850E0}, 6}) failed: Element not found. (0x490)
[13092:12804:0921/150756.455:ERROR:cast_crl.cc(443)] CRL - Verification failed.
[13092:12804:0921/150757.115:ERROR:cast_crl.cc(443)] CRL - Verification failed.
[13092:12804:0921/150811.788:ERROR:cast_crl.cc(443)] CRL - Verification failed.
[13092:12804:0921/150821.782:ERROR:cast_crl.cc(443)] CRL - Verification failed.
[13092:11556:0921/151324.959:ERROR:device_event_log_impl.cc(196)] [15:13:24.680] USB: usb_service_win.cc:105 SetupDiGetDeviceProperty({{A45C254E-DF1C-4EFD-8020-67D146A850E0}, 6}) failed: Element not found. (0x490)
[13092:12804:0921/151553.074:ERROR:cast_crl.cc(443)] CRL - Verification failed.
[13092:12804:0921/151553.901:ERROR:cast_crl.cc(443)] CRL - Verification failed.
[13092:12804:0921/151606.268:ERROR:cast_crl.cc(443)] CRL - Verification failed.
[13092:12804:0921/151617.856:ERROR:cast_crl.cc(443)] CRL - Verification failed.
[13092:11556:0921/151641.677:ERROR:device_event_log_impl.cc(196)] [15:16:41.554] USB: usb_service_win.cc:105 SetupDiGetDeviceProperty({{A45C254E-DF1C-4EFD-8020-67D146A850E0}, 6}) failed: Element not found. (0x490)
[13092:11556:0921/151902.729:ERROR:device_event_log_impl.cc(196)] [15:19:02.728] USB: usb_service_win.cc:105 SetupDiGetDeviceProperty({{A45C254E-DF1C-4EFD-8020-67D146A850E0}, 6}) failed: Element not found. (0x490)
[13092:11556:0921/151914.315:ERROR:device_event_log_impl.cc(196)] [15:19:14.304] USB: usb_service_win.cc:105 SetupDiGetDeviceProperty({{A45C254E-DF1C-4EFD-8020-67D146A850E0}, 6}) failed: Element not found. (0x490)
[13092:11556:0921/151917.584:ERROR:device_event_log_impl.cc(196)] [15:19:17.577] USB: usb_service_win.cc:105 SetupDiGetDeviceProperty({{A45C254E-DF1C-4EFD-8020-67D146A850E0}, 6}) failed: Element not found. (0x490)
[13092:11556:0921/151919.523:ERROR:device_event_log_impl.cc(196)] [15:19:19.512] USB: usb_service_win.cc:105 SetupDiGetDeviceProperty({{A45C254E-DF1C-4EFD-8020-67D146A850E0}, 6}) failed: Element not found. (0x490)
[13092:11556:0921/151921.311:ERROR:device_event_log_impl.cc(196)] [15:19:21.310] USB: usb_service_win.cc:105 SetupDiGetDeviceProperty({{A45C254E-DF1C-4EFD-8020-67D146A850E0}, 6}) failed: Element not found. (0x490)
[13092:11556:0921/152006.510:ERROR:device_event_log_impl.cc(196)] [15:20:06.505] USB: usb_service_win.cc:105 SetupDiGetDeviceProperty({{A45C254E-DF1C-4EFD-8020-67D146A850E0}, 6}) failed: Element not found. (0x490)
[13092:11556:0921/152011.114:ERROR:device_event_log_impl.cc(196)] [15:20:11.114] USB: usb_service_win.cc:105 SetupDiGetDeviceProperty({{A45C254E-DF1C-4EFD-8020-67D146A850E0}, 6}) failed: Element not found. (0x490)
[13092:11556:0921/152020.760:ERROR:device_event_log_impl.cc(196)] [15:20:20.750] USB: usb_service_win.cc:105 SetupDiGetDeviceProperty({{A45C254E-DF1C-4EFD-8020-67D146A850E0}, 6}) failed: Element not found. (0x490)
[13092:11556:0921/152022.924:ERROR:device_event_log_impl.cc(196)] [15:20:22.923] USB: usb_service_win.cc:105 SetupDiGetDeviceProperty({{A45C254E-DF1C-4EFD-8020-67D146A850E0}, 6}) failed: Element not found. (0x490)
[13092:11556:0921/152036.310:ERROR:device_event_log_impl.cc(196)] [15:20:36.305] USB: usb_service_win.cc:105 SetupDiGetDeviceProperty({{A45C254E-DF1C-4EFD-8020-67D146A850E0}, 6}) failed: Element not found. (0x490)
[13092:11556:0921/152158.550:WARNING:pref_notifier_impl.cc(41)] Pref observer for media_router.cast_allow_all_ips found at shutdown.
